[ZEROSPACE] Initializing Multi-Language Setup for: python

[ZEROSPACE] Setting up environment for language: python...
[ZEROSPACE] Starting Python venv creation...
[ZEROSPACE] Virtual environment created successfully.
[ZEROSPACE] Found requirements.txt. Installing dependencies...
Collecting customtkinter>=5.2.0
  Using cached customtkinter-6.0.0-py3-none-any.whl (302 kB)
Collecting tkinterdnd2>=0.3.0
  Using cached tkinterdnd2-0.6.2-py3-none-any.whl (811 kB)
Collecting python-magic>=0.4.27
  Using cached python_magic-0.4.27-py2.py3-none-any.whl (13 kB)
Collecting piexif>=1.1.3
  Using cached piexif-1.1.3-py2.py3-none-any.whl (20 kB)
Collecting PyPDF2>=3.0.0
  Using cached pypdf2-3.0.1-py3-none-any.whl (232 kB)
Collecting pikepdf>=8.0.0
  Using cached pikepdf-10.12.0-cp310-cp310-win_amd64.whl (3.4 MB)
Collecting python-docx>=1.1.0
  Using cached python_docx-1.2.0-py3-none-any.whl (252 kB)
Collecting openpyxl>=3.1.2
  Using cached openpyxl-3.1.5-py2.py3-none-any.whl (250 kB)
Collecting python-pptx>=0.6.23
  Using cached python_pptx-1.0.2-py3-none-any.whl (472 kB)
Collecting darkdetect
  Using cached darkdetect-0.8.0-py3-none-any.whl (9.0 kB)
Collecting packaging
  Using cached packaging-26.3-py3-none-any.whl (129 kB)
Collecting Pillow>=10.0.1
  Using cached pillow-12.3.0-cp310-cp310-win_amd64.whl (7.2 MB)
Collecting lxml>=4.8
  Using cached lxml-6.1.2-cp310-cp310-win_amd64.whl (4.0 MB)
Collecting typing_extensions>=4.9.0
  Using cached typing_extensions-4.16.0-py3-none-any.whl (45 kB)
Collecting et-xmlfile
  Using cached et_xmlfile-2.0.0-py3-none-any.whl (18 kB)
Collecting XlsxWriter>=0.5.7
  Using cached xlsxwriter-3.2.9-py3-none-any.whl (175 kB)
Installing collected packages: XlsxWriter, typing_extensions, tkinterdnd2, python-magic, PyPDF2, Pillow, piexif, packaging, lxml, et-xmlfile, darkdetect, python-pptx, python-docx, pikepdf, openpyxl, customtkinter
Successfully installed Pillow-12.3.0 PyPDF2-3.0.1 XlsxWriter-3.2.9 customtkinter-6.0.0 darkdetect-0.8.0 et-xmlfile-2.0.0 lxml-6.1.2 openpyxl-3.1.5 packaging-26.3 piexif-1.1.3 pikepdf-10.12.0 python-docx-1.2.0 python-magic-0.4.27 python-pptx-1.0.2 tkinterdnd2-0.6.2 typing_extensions-4.16.0

[notice] A new release of pip is available: 23.0.1 -> 26.2.1
[notice] To update, run: D:\ZeroSpace\containers\me_1788155184\venv\Scripts\python.exe -m pip install --upgrade pip
[ZEROSPACE] Python requirements installed successfully.

[ZEROSPACE] All environment setup completed successfully!

[ZEROSPACE CLI] Executing command: pip install libmagic
Collecting libmagic
  Downloading libmagic-1.0.tar.gz (3.7 kB)
  Preparing metadata (setup.py): started
  Preparing metadata (setup.py): finished with status 'done'
Installing collected packages: libmagic
  DEPRECATION: libmagic is being installed using the legacy 'setup.py install' method, because it does not have a 'pyproject.toml' and the 'wheel' package is not installed. pip 23.1 will enforce this behaviour change. A possible replacement is to enable the '--use-pep517' option. Discussion can be found at https://github.com/pypa/pip/issues/8559
  Running setup.py install for libmagic: started
  Running setup.py install for libmagic: finished with status 'done'
Successfully installed libmagic-1.0

[notice] A new release of pip is available: 23.0.1 -> 26.2.1
[notice] To update, run: python.exe -m pip install --upgrade pip

[ZEROSPACE CLI] Command finished with exit status: 0

[ZEROSPACE CLI] Executing command: pip install python-magic-bin
Collecting python-magic-bin
  Downloading python_magic_bin-0.4.14-py2.py3-none-win_amd64.whl (409 kB)
     -------------------------------------- 409.3/409.3 kB 1.8 MB/s eta 0:00:00
Installing collected packages: python-magic-bin
Successfully installed python-magic-bin-0.4.14

[notice] A new release of pip is available: 23.0.1 -> 26.2.1
[notice] To update, run: python.exe -m pip install --upgrade pip

[ZEROSPACE CLI] Command finished with exit status: 0
