[ZEROSPACE] Initializing Multi-Language Setup for: python, c

[ZEROSPACE] Setting up environment for language: python...
[ZEROSPACE] Starting Python venv creation...
[ZEROSPACE] Virtual environment created successfully.
[ZEROSPACE] Found requirements.txt. Installing dependencies...
Collecting requests==2.31.0
  Using cached requests-2.31.0-py3-none-any.whl (62 kB)
Collecting idna<4,>=2.5
  Using cached idna-3.19-py3-none-any.whl (68 kB)
Collecting urllib3<3,>=1.21.1
  Using cached urllib3-2.7.0-py3-none-any.whl (131 kB)
Collecting charset-normalizer<4,>=2
  Using cached charset_normalizer-3.5.1-cp310-cp310-win_amd64.whl (206 kB)
Collecting certifi>=2017.4.17
  Using cached certifi-2026.7.22-py3-none-any.whl (136 kB)
Installing collected packages: urllib3, idna, charset-normalizer, certifi, requests
Successfully installed certifi-2026.7.22 charset-normalizer-3.5.1 idna-3.19 requests-2.31.0 urllib3-2.7.0

[notice] A new release of pip is available: 23.0.1 -> 26.2.1
[notice] To update, run: B:\ZeroSpace\containers\python_c_multi_language_mock_tool_1788151818\venv\Scripts\python.exe -m pip install --upgrade pip
[ZEROSPACE] Python requirements installed successfully.

[ZEROSPACE] Setting up environment for language: c...
[ZEROSPACE] Starting C/C++ setup...
[ZEROSPACE] Makefile found. Running make...
gcc -o helper.exe helper.c
[ZEROSPACE] Make compilation completed successfully.

[ZEROSPACE] All environment setup completed successfully!
