[ZEROSPACE] Initializing Multi-Language Setup for: python

[ZEROSPACE] Setting up environment for language: python...
[ZEROSPACE] Starting Python venv creation...
[ZEROSPACE] Virtual environment created successfully.
[ZEROSPACE] Found requirements.txt. Installing dependencies...
Collecting requests
  Using cached requests-2.34.2-py3-none-any.whl (73 kB)
Collecting idna<4,>=2.5
  Using cached idna-3.19-py3-none-any.whl (68 kB)
Collecting urllib3<3,>=1.26
  Using cached urllib3-2.7.0-py3-none-any.whl (131 kB)
Collecting charset_normalizer<4,>=2
  Using cached charset_normalizer-3.5.1-cp310-cp310-win_amd64.whl (206 kB)
Collecting certifi>=2023.5.7
  Using cached certifi-2026.7.22-py3-none-any.whl (136 kB)
Installing collected packages: urllib3, idna, charset_normalizer, certifi, requests
Successfully installed certifi-2026.7.22 charset_normalizer-3.5.1 idna-3.19 requests-2.34.2 urllib3-2.7.0

[notice] A new release of pip is available: 23.0.1 -> 26.2.1
[notice] To update, run: B:\ZeroSpace\containers\sandbox_verification_tool_1788153313\venv\Scripts\python.exe -m pip install --upgrade pip
[ZEROSPACE] Python requirements installed successfully.

[ZEROSPACE] All environment setup completed successfully!
